Process created successfully: PID: 1, Memory starts at 0x0.
Process created successfully: PID: 2, Memory starts at 0x1ccc04.
Cannot reserve memory for PID 3.
Process created successfully: PID: 3, Memory starts at 0x294bc4.
Cannot reserve memory for PID 4.
Cannot reserve memory for PID 4.
Process created successfully: PID: 4, Memory starts at 0x2d71c4.
Cannot reserve memory for PID 5.
Process created successfully: PID: 5, Memory starts at 0x2de5a4.
Cannot reserve memory for PID 6.
Cannot reserve memory for PID 6.
Process created successfully: PID: 6, Memory starts at 0x2ed4a0.
Cannot reserve memory for PID 7.
Process created successfully: PID: 7, Memory starts at 0x2f8928.
Process created successfully: PID: 8, Memory starts at 0x2fa2d0.
Cannot reserve memory for PID 9.
Process created successfully: PID: 9, Memory starts at 0x2fae90.
Process 11 not found.
Process 15 not found.
Process 11 not found.
Process 1 is running (remaining_time: 246083).
Process 3 is waiting (remaining_time: 339725).
Process 17 not found.
Process 17 not found.
Process 4 is waiting (remaining_time: 636682).
Process 1 is running (remaining_time: 246083).
Process 1 is running (remaining_time: 246083).
Process 12 not found.
Process 7 is waiting (remaining_time: 134492).
Process 16 not found.
Process 10 not found.
Process 12 not found.
Waiting queue:
[(5: priority = 114, remaining_time = 374648),
(7: priority = 95, remaining_time = 134492),
(9: priority = 78, remaining_time = 794154),
(3: priority = 73, remaining_time = 339725),
(4: priority = 69, remaining_time = 636682),
(6: priority = 61, remaining_time = 572898),
(2: priority = 51, remaining_time = 987718),
(8: priority = 39, remaining_time = 207434)]
Finished queue:
[(7: priority = 95, executed_time = 134492),
(5: priority = 114, executed_time = 374648),
(1: priority = 78, executed_time = 246083),
(3: priority = 73, executed_time = 339725),
(9: priority = 78, executed_time = 794154),
(4: priority = 69, executed_time = 636682)]
Process 11 not found.
Process 15 not found.
Process 11 not found.
Process 1 is finished.
Process 3 is finished.
Process 17 not found.
Process 17 not found.
Waiting queue:
[]
Finished queue:
[(7: priority = 95, executed_time = 134492),
(5: priority = 114, executed_time = 374648),
(1: priority = 78, executed_time = 246083),
(3: priority = 73, executed_time = 339725),
(9: priority = 78, executed_time = 794154),
(4: priority = 69, executed_time = 636682),
(6: priority = 61, executed_time = 572898),
(8: priority = 39, executed_time = 207434)]
Waiting queue:
[]
Finished queue:
[(7: priority = 95, executed_time = 134492),
(5: priority = 114, executed_time = 374648),
(1: priority = 78, executed_time = 246083),
(3: priority = 73, executed_time = 339725),
(9: priority = 78, executed_time = 794154),
(4: priority = 69, executed_time = 636682),
(6: priority = 61, executed_time = 572898),
(8: priority = 39, executed_time = 207434),
(2: priority = 51, executed_time = 987718)]
Process created successfully: PID: 1, Memory starts at 0x0.
Process created successfully: PID: 2, Memory starts at 0xeb0.
Process created successfully: PID: 3, Memory starts at 0x2770.
Process created successfully: PID: 4, Memory starts at 0x3a08.
Process created successfully: PID: 5, Memory starts at 0x4978.
Process created successfully: PID: 6, Memory starts at 0x4e30.
Process created successfully: PID: 7, Memory starts at 0x6118.
Process created successfully: PID: 8, Memory starts at 0x6b20.
Process created successfully: PID: 9, Memory starts at 0x750c.
Process created successfully: PID: 10, Memory starts at 0x7998.
Process created successfully: PID: 11, Memory starts at 0x7ba8.
Process created successfully: PID: 12, Memory starts at 0x7bec.
Process created successfully: PID: 13, Memory starts at 0x7d7c.
Process created successfully: PID: 14, Memory starts at 0x7d9c.
Process created successfully: PID: 15, Memory starts at 0x7edc.
Process created successfully: PID: 16, Memory starts at 0x7f2c.
Process created successfully: PID: 17, Memory starts at 0x7fc0.
Process created successfully: PID: 18, Memory starts at 0x8020.
Process created successfully: PID: 19, Memory starts at 0x8030.
Process created successfully: PID: 20, Memory starts at 0x8048.
Process created successfully: PID: 21, Memory starts at 0x8054.
Process created successfully: PID: 22, Memory starts at 0x8058.
Process created successfully: PID: 23, Memory starts at 0x8074.
Empty stack PID 14.
Process created successfully: PID: 24, Memory starts at 0x8088.
Process created successfully: PID: 25, Memory starts at 0x8090.
Process created successfully: PID: 26, Memory starts at 0x809c.
Process created successfully: PID: 27, Memory starts at 0x80a0.
Process created successfully: PID: 28, Memory starts at 0x80a4.
Process created successfully: PID: 29, Memory starts at 0x80a8.
Process created successfully: PID: 30, Memory starts at 0x80b0.
Process created successfully: PID: 31, Memory starts at 0x80b4.
Process created successfully: PID: 32, Memory starts at 0x80b8.
Empty stack PID 17.
PID 49 not found.
PID 39 not found.
PID 37 not found.
PID 37 not found.
PID 46 not found.
Process created successfully: PID: 33, Memory starts at 0x80bc.
Process created successfully: PID: 34, Memory starts at 0x80c0.
Process created successfully: PID: 35, Memory starts at 0x80c4.
Process created successfully: PID: 36, Memory starts at 0x80c8.
Process created successfully: PID: 37, Memory starts at 0x80cc.
Process created successfully: PID: 38, Memory starts at 0x80d0.
Process created successfully: PID: 39, Memory starts at 0x80d4.
Process created successfully: PID: 40, Memory starts at 0x80d8.
Process created successfully: PID: 41, Memory starts at 0x80dc.
Process created successfully: PID: 42, Memory starts at 0x80e0.
Process created successfully: PID: 43, Memory starts at 0x80e4.
Process created successfully: PID: 44, Memory starts at 0x80e8.
Process created successfully: PID: 45, Memory starts at 0x80ec.
Process created successfully: PID: 46, Memory starts at 0x80f0.
Process created successfully: PID: 47, Memory starts at 0x80f4.
Process created successfully: PID: 48, Memory starts at 0x80f8.
Process created successfully: PID: 49, Memory starts at 0x80fc.
Process 30 is waiting (remaining_time: 636682).
Process 45 is waiting (remaining_time: 33629).
Process 31 is waiting (remaining_time: 811827).
Process 18 is waiting (remaining_time: 657622).
Process 6 is waiting (remaining_time: 785118).
Process 6 is finished.
Waiting queue:
[(11: priority = 120, remaining_time = 335827),
(43: priority = 120, remaining_time = 335827),
(19: priority = 119, remaining_time = 698512),
(10: priority = 117, remaining_time = 73093),
(42: priority = 117, remaining_time = 73093),
(9: priority = 114, remaining_time = 374648),
(32: priority = 114, remaining_time = 374648),
(41: priority = 114, remaining_time = 374648),
(22: priority = 111, remaining_time = 324459),
(8: priority = 107, remaining_time = 811827),
(31: priority = 107, remaining_time = 811827),
(40: priority = 107, remaining_time = 811827),
(14: priority = 95, remaining_time = 134492),
(46: priority = 95, remaining_time = 134492),
(24: priority = 78, remaining_time = 246083),
(33: priority = 78, remaining_time = 246083),
(17: priority = 78, remaining_time = 794154),
(49: priority = 78, remaining_time = 794154),
(4: priority = 73, remaining_time = 339725),
(27: priority = 73, remaining_time = 339725),
(36: priority = 73, remaining_time = 339725),
(7: priority = 69, remaining_time = 636682),
(30: priority = 69, remaining_time = 636682),
(39: priority = 69, remaining_time = 636682),
(18: priority = 64, remaining_time = 657622),
(12: priority = 61, remaining_time = 572898),
(44: priority = 61, remaining_time = 572898),
(20: priority = 59, remaining_time = 242891),
(2: priority = 51, remaining_time = 987718),
(25: priority = 51, remaining_time = 987718),
(34: priority = 51, remaining_time = 987718),
(3: priority = 45, remaining_time = 578199),
(26: priority = 45, remaining_time = 578199),
(35: priority = 45, remaining_time = 578199),
(6: priority = 44, remaining_time = 785118),
(29: priority = 44, remaining_time = 785118),
(38: priority = 44, remaining_time = 785118),
(15: priority = 39, remaining_time = 207434),
(47: priority = 39, remaining_time = 207434),
(13: priority = 19, remaining_time = 33629),
(45: priority = 19, remaining_time = 33629),
(21: priority = 13, remaining_time = 899764),
(23: priority = 11, remaining_time = 975254),
(5: priority = 8, remaining_time = 621577),
(28: priority = 8, remaining_time = 621577),
(37: priority = 8, remaining_time = 621577),
(16: priority = 4, remaining_time = 855914),
(48: priority = 4, remaining_time = 855914)]
Finished queue:
[(7: priority = 95, executed_time = 134492),
(5: priority = 114, executed_time = 374648),
(1: priority = 78, executed_time = 246083),
(3: priority = 73, executed_time = 339725),
(9: priority = 78, executed_time = 794154),
(4: priority = 69, executed_time = 636682),
(6: priority = 61, executed_time = 572898),
(8: priority = 39, executed_time = 207434),
(2: priority = 51, executed_time = 987718)]
Stack overflow PID 30.
PID 50 not found.
PID 53 not found.
PID 55 not found.
PID 52 not found.
PID 58 not found.
PID 56 not found.
PID 60 not found.
PID 59 not found.
Stack overflow PID 28.
PID 56 not found.
PID 58 not found.
PID 63 not found.
PID 61 not found.
Process created successfully: PID: 50, Memory starts at 0x8100.
Process created successfully: PID: 51, Memory starts at 0x8104.
Process created successfully: PID: 52, Memory starts at 0x8108.
Process created successfully: PID: 53, Memory starts at 0x810c.
Process created successfully: PID: 54, Memory starts at 0x8110.
Process created successfully: PID: 55, Memory starts at 0x8114.
Process created successfully: PID: 56, Memory starts at 0x8118.
Process created successfully: PID: 57, Memory starts at 0x811c.
Process created successfully: PID: 58, Memory starts at 0x8120.
Process created successfully: PID: 59, Memory starts at 0x8124.
Waiting queue:
[(22: priority = 111, remaining_time = 182034),
(8: priority = 107, remaining_time = 811827),
(31: priority = 107, remaining_time = 811827),
(40: priority = 107, remaining_time = 811827),
(57: priority = 107, remaining_time = 811827),
(14: priority = 95, remaining_time = 134492),
(46: priority = 95, remaining_time = 134492),
(1: priority = 78, remaining_time = 245408),
(24: priority = 78, remaining_time = 246083),
(33: priority = 78, remaining_time = 246083),
(50: priority = 78, remaining_time = 246083),
(17: priority = 78, remaining_time = 794154),
(49: priority = 78, remaining_time = 794154),
(4: priority = 73, remaining_time = 339725),
(27: priority = 73, remaining_time = 339725),
(36: priority = 73, remaining_time = 339725),
(53: priority = 73, remaining_time = 339725),
(7: priority = 69, remaining_time = 636682),
(30: priority = 69, remaining_time = 636682),
(39: priority = 69, remaining_time = 636682),
(56: priority = 69, remaining_time = 636682),
(18: priority = 64, remaining_time = 657622),
(12: priority = 61, remaining_time = 572898),
(44: priority = 61, remaining_time = 572898),
(20: priority = 59, remaining_time = 242891),
(2: priority = 51, remaining_time = 987718),
(25: priority = 51, remaining_time = 987718),
(34: priority = 51, remaining_time = 987718),
(51: priority = 51, remaining_time = 987718),
(3: priority = 45, remaining_time = 578199),
(26: priority = 45, remaining_time = 578199),
(35: priority = 45, remaining_time = 578199),
(52: priority = 45, remaining_time = 578199),
(6: priority = 44, remaining_time = 785118),
(29: priority = 44, remaining_time = 785118),
(38: priority = 44, remaining_time = 785118),
(55: priority = 44, remaining_time = 785118),
(15: priority = 39, remaining_time = 207434),
(47: priority = 39, remaining_time = 207434),
(13: priority = 19, remaining_time = 33629),
(45: priority = 19, remaining_time = 33629),
(21: priority = 13, remaining_time = 899764),
(23: priority = 11, remaining_time = 975254),
(5: priority = 8, remaining_time = 621577),
(28: priority = 8, remaining_time = 621577),
(37: priority = 8, remaining_time = 621577),
(54: priority = 8, remaining_time = 621577),
(16: priority = 4, remaining_time = 855914),
(48: priority = 4, remaining_time = 855914)]
Finished queue:
[(7: priority = 95, executed_time = 134492),
(5: priority = 114, executed_time = 374648),
(1: priority = 78, executed_time = 246083),
(3: priority = 73, executed_time = 339725),
(9: priority = 78, executed_time = 794154),
(4: priority = 69, executed_time = 636682),
(6: priority = 61, executed_time = 572898),
(8: priority = 39, executed_time = 207434),
(2: priority = 51, executed_time = 987718),
(11: priority = 120, executed_time = 335827),
(43: priority = 120, executed_time = 335827),
(10: priority = 117, executed_time = 73093),
(42: priority = 117, executed_time = 73093),
(59: priority = 117, executed_time = 73093),
(9: priority = 114, executed_time = 374648),
(19: priority = 119, executed_time = 698512),
(32: priority = 114, executed_time = 374648),
(41: priority = 114, executed_time = 374648)]
Process created successfully: PID: 9, Memory starts at 0x750c.
Process created successfully: PID: 10, Memory starts at 0x7510.
Stack of PID 18: -242987717.
Empty stack PID 33.
Empty stack PID 7.
PID 42 not found.
Empty stack PID 12.
Stack of PID 4: -1977636681.
Empty stack PID 2.
PID 59 not found.
Process created successfully: PID: 11, Memory starts at 0x7514.
Process created successfully: PID: 19, Memory starts at 0x7518.
Stack of PID 14: -721073092 -1247207433.
Waiting queue:
[(40: priority = 107, remaining_time = 661302),
(14: priority = 95, remaining_time = 134492),
(46: priority = 95, remaining_time = 134492),
(1: priority = 78, remaining_time = 245408),
(9: priority = 78, remaining_time = 246083),
(11: priority = 78, remaining_time = 246083),
(24: priority = 78, remaining_time = 246083),
(33: priority = 78, remaining_time = 246083),
(50: priority = 78, remaining_time = 246083),
(17: priority = 78, remaining_time = 794154),
(49: priority = 78, remaining_time = 794154),
(4: priority = 73, remaining_time = 339725),
(27: priority = 73, remaining_time = 339725),
(36: priority = 73, remaining_time = 339725),
(53: priority = 73, remaining_time = 339725),
(7: priority = 69, remaining_time = 636682),
(30: priority = 69, remaining_time = 636682),
(39: priority = 69, remaining_time = 636682),
(56: priority = 69, remaining_time = 636682),
(18: priority = 64, remaining_time = 657622),
(12: priority = 61, remaining_time = 572898),
(44: priority = 61, remaining_time = 572898),
(20: priority = 59, remaining_time = 242891),
(2: priority = 51, remaining_time = 987718),
(10: priority = 51, remaining_time = 987718),
(19: priority = 51, remaining_time = 987718),
(25: priority = 51, remaining_time = 987718),
(34: priority = 51, remaining_time = 987718),
(51: priority = 51, remaining_time = 987718),
(3: priority = 45, remaining_time = 578199),
(26: priority = 45, remaining_time = 578199),
(35: priority = 45, remaining_time = 578199),
(52: priority = 45, remaining_time = 578199),
(6: priority = 44, remaining_time = 785118),
(29: priority = 44, remaining_time = 785118),
(38: priority = 44, remaining_time = 785118),
(55: priority = 44, remaining_time = 785118),
(15: priority = 39, remaining_time = 207434),
(47: priority = 39, remaining_time = 207434),
(13: priority = 19, remaining_time = 33629),
(45: priority = 19, remaining_time = 33629),
(21: priority = 13, remaining_time = 899764),
(23: priority = 11, remaining_time = 975254),
(5: priority = 8, remaining_time = 621577),
(28: priority = 8, remaining_time = 621577),
(37: priority = 8, remaining_time = 621577),
(54: priority = 8, remaining_time = 621577),
(16: priority = 4, remaining_time = 855914),
(48: priority = 4, remaining_time = 855914)]
PID 80 not found.
PID 32 not found.
PID 31 not found.
PID 80 not found.
PID 60 not found.
PID 42 not found.
PID 66 not found.
PID 74 not found.
PID 70 not found.
Stack overflow PID 44.
PID 79 not found.
PID 62 not found.
PID 66 not found.
PID 64 not found.
PID 71 not found.
PID 67 not found.
PID 80 not found.
PID 31 not found.
PID 43 not found.
PID 66 not found.
PID 60 not found.
PID 79 not found.
Stack overflow PID 39.
PID 31 not found.
PID 64 not found.
PID 72 not found.
PID 58 not found.
PID 43 not found.
PID 69 not found.
Stack overflow PID 28.
PID 77 not found.
PID 60 not found.
PID 67 not found.
PID 64 not found.
PID 78 not found.
PID 42 not found.
PID 31 not found.
PID 31 not found.
Stack overflow PID 49.
Stack overflow PID 53.
PID 68 not found.
Stack overflow PID 44.
Stack overflow PID 44.
Stack overflow PID 56.
PID 76 not found.
PID 58 not found.
PID 32 not found.
PID 22 not found.
Stack overflow PID 27.
PID 72 not found.
PID 31 not found.
Stack overflow PID 28.
Stack overflow PID 20.
PID 63 not found.
PID 42 not found.
PID 68 not found.
PID 22 not found.
Stack overflow PID 30.
PID 43 not found.
Stack overflow PID 40.
PID 69 not found.
Stack overflow PID 9.
PID 32 not found.
PID 31 not found.
PID 76 not found.
PID 8 not found.
Stack overflow PID 29.
PID 66 not found.
Stack overflow PID 25.
Stack overflow PID 21.
Stack overflow PID 51.
PID 8 not found.
Stack overflow PID 35.
PID 41 not found.
Stack overflow PID 48.
PID 72 not found.
Stack overflow PID 34.
Stack overflow PID 34.
Stack overflow PID 47.
PID 62 not found.
PID 71 not found.
PID 62 not found.
Stack overflow PID 45.
Stack overflow PID 47.
Stack overflow PID 36.
Stack overflow PID 30.
Stack overflow PID 44.
Stack overflow PID 21.
Stack overflow PID 47.
Stack overflow PID 38.
PID 61 not found.
PID 43 not found.
PID 42 not found.
PID 77 not found.
PID 70 not found.
PID 69 not found.
PID 62 not found.
PID 8 not found.
Stack overflow PID 27.
PID 60 not found.
PID 62 not found.
PID 31 not found.
Stack overflow PID 36.
Stack overflow PID 25.
Stack overflow PID 55.
Stack overflow PID 56.
PID 42 not found.
PID 22 not found.
PID 42 not found.
PID 65 not found.
PID 80 not found.
PID 72 not found.
PID 63 not found.
Stack overflow PID 20.
Stack overflow PID 52.
PID 63 not found.
PID 72 not found.
PID 69 not found.
PID 67 not found.
Stack overflow PID 25.
PID 74 not found.
PID 64 not found.
Stack overflow PID 54.
Stack overflow PID 26.
Stack overflow PID 50.
Stack overflow PID 19.
Stack overflow PID 36.
PID 31 not found.
Stack overflow PID 20.
Stack overflow PID 28.
PID 70 not found.
Stack overflow PID 40.
Stack overflow PID 36.
Stack overflow PID 11.
PID 63 not found.
Stack overflow PID 51.
PID 71 not found.
Stack overflow PID 51.
Stack overflow PID 39.
PID 73 not found.
Stack overflow PID 52.
Stack overflow PID 40.
PID 70 not found.
PID 68 not found.
PID 73 not found.
PID 78 not found.
PID 60 not found.
PID 66 not found.
Stack overflow PID 36.
PID 68 not found.
PID 32 not found.
PID 80 not found.
Stack overflow PID 53.
Stack overflow PID 25.
Stack overflow PID 11.
Stack overflow PID 21.
PID 64 not found.
Stack overflow PID 46.
Stack overflow PID 57.
PID 8 not found.
PID 66 not found.
PID 31 not found.
Stack overflow PID 10.
PID 79 not found.
Stack overflow PID 52.
Stack overflow PID 49.
Stack overflow PID 11.
Stack overflow PID 39.
PID 41 not found.
Stack overflow PID 46.
Stack overflow PID 30.
PID 66 not found.
Stack overflow PID 51.
PID 60 not found.
Stack overflow PID 48.
PID 31 not found.
Stack overflow PID 55.
PID 77 not found.
Stack overflow PID 28.
PID 60 not found.
PID 8 not found.
Stack overflow PID 20.
PID 79 not found.
PID 70 not found.
Stack overflow PID 34.
Stack overflow PID 50.
PID 62 not found.
PID 71 not found.
Stack overflow PID 9.
Stack overflow PID 54.
PID 68 not found.
Stack overflow PID 40.
Stack overflow PID 40.
Stack overflow PID 30.
Stack overflow PID 21.
PID 60 not found.
Stack overflow PID 46.
PID 66 not found.
Stack overflow PID 9.
PID 22 not found.
PID 67 not found.
Stack overflow PID 33.
PID 78 not found.
PID 31 not found.
Stack overflow PID 45.
PID 65 not found.
Stack overflow PID 45.
Stack overflow PID 24.
Stack overflow PID 10.
Stack overflow PID 20.
PID 67 not found.
PID 61 not found.
Stack overflow PID 27.
Stack overflow PID 55.
PID 66 not found.
Stack overflow PID 45.
PID 32 not found.
PID 8 not found.
Stack overflow PID 57.
PID 79 not found.
Stack overflow PID 51.
PID 58 not found.
Stack overflow PID 35.
PID 63 not found.
PID 31 not found.
PID 64 not found.
PID 64 not found.
PID 78 not found.
PID 72 not found.
Stack overflow PID 29.
PID 64 not found.
PID 74 not found.
PID 22 not found.
Stack overflow PID 44.
Stack overflow PID 21.
Stack overflow PID 54.
Stack overflow PID 48.
PID 64 not found.
PID 58 not found.
Stack overflow PID 40.
PID 75 not found.
Stack overflow PID 19.
Stack overflow PID 24.
PID 41 not found.
PID 68 not found.
Stack overflow PID 54.
PID 72 not found.
PID 65 not found.
PID 64 not found.
Stack overflow PID 27.
PID 67 not found.
Stack overflow PID 39.
Stack overflow PID 33.
PID 64 not found.
Stack overflow PID 35.
PID 72 not found.
Stack overflow PID 21.
Stack overflow PID 54.
Stack overflow PID 39.
Stack overflow PID 33.
PID 32 not found.
Stack overflow PID 19.
Stack overflow PID 33.
Stack overflow PID 44.
PID 42 not found.
PID 31 not found.
Stack overflow PID 50.
PID 42 not found.
Stack overflow PID 44.
PID 60 not found.
Stack overflow PID 33.
Stack overflow PID 28.
PID 60 not found.
PID 74 not found.
PID 76 not found.
Stack overflow PID 56.
PID 76 not found.
Stack overflow PID 11.
PID 77 not found.
Stack overflow PID 21.
PID 73 not found.
Stack overflow PID 45.
PID 72 not found.
Stack overflow PID 35.
Stack overflow PID 29.
PID 8 not found.
Stack overflow PID 38.
Stack overflow PID 47.
Stack overflow PID 19.
PID 64 not found.
PID 73 not found.
Stack overflow PID 30.
PID 72 not found.
Stack overflow PID 34.
Stack overflow PID 44.
Stack overflow PID 38.
Stack overflow PID 10.
Stack overflow PID 35.
PID 60 not found.
Stack overflow PID 37.
PID 59 not found.
PID 71 not found.
Stack overflow PID 20.
Stack overflow PID 29.
Stack overflow PID 10.
PID 58 not found.
PID 73 not found.
PID 65 not found.
PID 32 not found.
Stack overflow PID 56.
Stack overflow PID 19.
PID 76 not found.
PID 58 not found.
Stack overflow PID 44.
Stack overflow PID 34.
PID 42 not found.
PID 41 not found.
Stack overflow PID 20.
Stack overflow PID 11.
Stack overflow PID 54.
PID 64 not found.
Stack overflow PID 27.
Stack overflow PID 9.
Stack overflow PID 51.
Stack overflow PID 48.
Stack overflow PID 19.
Stack overflow PID 28.
Stack overflow PID 55.
Stack overflow PID 53.
Stack overflow PID 36.
Stack overflow PID 28.
PID 63 not found.
Stack overflow PID 24.
PID 80 not found.
Stack overflow PID 56.
Stack overflow PID 27.
PID 73 not found.
PID 61 not found.
PID 69 not found.
Stack overflow PID 11.
Stack overflow PID 23.
PID 42 not found.
PID 78 not found.
Stack overflow PID 47.
PID 59 not found.
Stack overflow PID 40.
Stack overflow PID 45.
Stack overflow PID 33.
Stack overflow PID 52.
PID 66 not found.
PID 75 not found.
Stack overflow PID 36.
Stack overflow PID 34.
Stack overflow PID 38.
Stack overflow PID 28.
PID 58 not found.
PID 32 not found.
Stack overflow PID 21.
Stack overflow PID 50.
PID 75 not found.
Stack overflow PID 30.
PID 65 not found.
Stack overflow PID 46.
Stack overflow PID 24.
Stack overflow PID 39.
Stack overflow PID 25.
PID 69 not found.
Stack overflow PID 20.
Stack overflow PID 37.
PID 68 not found.
Stack overflow PID 45.
Stack overflow PID 26.
PID 65 not found.
Stack overflow PID 46.
PID 77 not found.
Stack overflow PID 39.
PID 32 not found.
Stack overflow PID 9.
Stack overflow PID 55.
Stack overflow PID 21.
PID 66 not found.
Stack overflow PID 52.
Process 14 is waiting (remaining_time: 134492).
Finished queue:
[(7: priority = 95, executed_time = 134492),
(5: priority = 114, executed_time = 374648),
(1: priority = 78, executed_time = 246083),
(3: priority = 73, executed_time = 339725),
(9: priority = 78, executed_time = 794154),
(4: priority = 69, executed_time = 636682),
(6: priority = 61, executed_time = 572898),
(8: priority = 39, executed_time = 207434),
(2: priority = 51, executed_time = 987718),
(11: priority = 120, executed_time = 335827),
(43: priority = 120, executed_time = 335827),
(10: priority = 117, executed_time = 73093),
(42: priority = 117, executed_time = 73093),
(59: priority = 117, executed_time = 73093),
(9: priority = 114, executed_time = 374648),
(19: priority = 119, executed_time = 698512),
(32: priority = 114, executed_time = 374648),
(41: priority = 114, executed_time = 374648),
(58: priority = 114, executed_time = 374648),
(22: priority = 111, executed_time = 324459),
(8: priority = 107, executed_time = 811827),
(31: priority = 107, executed_time = 811827)]
Process created successfully: PID: 8, Memory starts at 0x6b20.
Process created successfully: PID: 22, Memory starts at 0x6b24.
Stack of PID 4: -1977636681 -784781292 -1529724722 485771741 1871777918 -1481899817 -1733804483 313005523 -812133749 806362523 -537561329.
Process created successfully: PID: 31, Memory starts at 0x6b28.
Process created successfully: PID: 32, Memory starts at 0x6b2c.
PID 66 not found.
PID 75 not found.
PID 79 not found.
PID 84 not found.
PID 78 not found.
Stack of PID 28: 1918335826.
Stack of PID 20: -35578198 -2019339724 297705566.
PID 83 not found.
PID 66 not found.
PID 66 not found.
PID 75 not found.
PID 79 not found.
PID 84 not found.
PID 78 not found.
PID 83 not found.
Empty stack PID 32.
PID 53 not found.
PID 14 not found.
PID 17 not found.
Empty stack PID 38.
PID 70 not found.
PID 1 not found.
PID 7 not found.
PID 68 not found.
PID 46 not found.
PID 4 not found.
PID 27 not found.
Empty stack PID 28.
PID 41 not found.
PID 62 not found.
PID 46 not found.
PID 9 not found.
PID 80 not found.
PID 62 not found.
PID 24 not found.
PID 81 not found.
PID 84 not found.
PID 17 not found.
PID 68 not found.
PID 8 not found.
PID 70 not found.
PID 46 not found.
PID 62 not found.
PID 49 not found.
PID 46 not found.
PID 42 not found.
PID 66 not found.
Waiting queue:
[(56: priority = 69, remaining_time = 97357),
(18: priority = 64, remaining_time = 657622),
(12: priority = 61, remaining_time = 572898),
(44: priority = 61, remaining_time = 572898),
(20: priority = 59, remaining_time = 242891),
(2: priority = 51, remaining_time = 987718),
(10: priority = 51, remaining_time = 987718),
(19: priority = 51, remaining_time = 987718),
(22: priority = 51, remaining_time = 987718),
(25: priority = 51, remaining_time = 987718),
(32: priority = 51, remaining_time = 987718),
(34: priority = 51, remaining_time = 987718),
(51: priority = 51, remaining_time = 987718),
(3: priority = 45, remaining_time = 578199),
(26: priority = 45, remaining_time = 578199),
(35: priority = 45, remaining_time = 578199),
(52: priority = 45, remaining_time = 578199),
(6: priority = 44, remaining_time = 785118),
(29: priority = 44, remaining_time = 785118),
(38: priority = 44, remaining_time = 785118),
(55: priority = 44, remaining_time = 785118),
(15: priority = 39, remaining_time = 207434),
(47: priority = 39, remaining_time = 207434),
(13: priority = 19, remaining_time = 33629),
(45: priority = 19, remaining_time = 33629),
(21: priority = 13, remaining_time = 899764),
(23: priority = 11, remaining_time = 975254),
(5: priority = 8, remaining_time = 621577),
(28: priority = 8, remaining_time = 621577),
(37: priority = 8, remaining_time = 621577),
(54: priority = 8, remaining_time = 621577),
(16: priority = 4, remaining_time = 855914),
(48: priority = 4, remaining_time = 855914)]
PID 66 not found.
PID 84 not found.
PID 1 not found.
PID 46 not found.
PID 46 not found.
PID 80 not found.
PID 24 not found.
PID 17 not found.
PID 70 not found.
PID 46 not found.
Stack overflow PID 52.
PID 75 not found.
PID 17 not found.
PID 79 not found.
PID 4 not found.
Process created successfully: PID: 1, Memory starts at 0x0.
Process created successfully: PID: 4, Memory starts at 0x4.
Finished queue:
[(7: priority = 95, executed_time = 134492),
(5: priority = 114, executed_time = 374648),
(1: priority = 78, executed_time = 246083),
(3: priority = 73, executed_time = 339725),
(9: priority = 78, executed_time = 794154),
(4: priority = 69, executed_time = 636682),
(6: priority = 61, executed_time = 572898),
(8: priority = 39, executed_time = 207434),
(2: priority = 51, executed_time = 987718),
(11: priority = 120, executed_time = 335827),
(43: priority = 120, executed_time = 335827),
(10: priority = 117, executed_time = 73093),
(42: priority = 117, executed_time = 73093),
(59: priority = 117, executed_time = 73093),
(9: priority = 114, executed_time = 374648),
(19: priority = 119, executed_time = 698512),
(32: priority = 114, executed_time = 374648),
(41: priority = 114, executed_time = 374648),
(58: priority = 114, executed_time = 374648),
(22: priority = 111, executed_time = 324459),
(8: priority = 107, executed_time = 811827),
(31: priority = 107, executed_time = 811827),
(40: priority = 107, executed_time = 811827),
(57: priority = 107, executed_time = 811827),
(14: priority = 95, executed_time = 134492),
(46: priority = 95, executed_time = 134492),
(1: priority = 78, executed_time = 246083),
(8: priority = 78, executed_time = 246083),
(9: priority = 78, executed_time = 246083),
(11: priority = 78, executed_time = 246083),
(24: priority = 78, executed_time = 246083),
(31: priority = 78, executed_time = 246083),
(33: priority = 78, executed_time = 246083),
(50: priority = 78, executed_time = 246083),
(17: priority = 78, executed_time = 794154),
(49: priority = 78, executed_time = 794154),
(4: priority = 73, executed_time = 339725),
(27: priority = 73, executed_time = 339725),
(36: priority = 73, executed_time = 339725),
(53: priority = 73, executed_time = 339725),
(7: priority = 69, executed_time = 636682),
(30: priority = 69, executed_time = 636682),
(39: priority = 69, executed_time = 636682),
(56: priority = 69, executed_time = 636682),
(1: priority = 78, executed_time = 246083)]
Process created successfully: PID: 1, Memory starts at 0x0.
Process created successfully: PID: 7, Memory starts at 0x8.
Process created successfully: PID: 8, Memory starts at 0xc.
Process created successfully: PID: 9, Memory starts at 0x10.
Process created successfully: PID: 11, Memory starts at 0x14.
Process created successfully: PID: 14, Memory starts at 0x18.
Process created successfully: PID: 17, Memory starts at 0x1c.
Process created successfully: PID: 24, Memory starts at 0x20.
Process created successfully: PID: 27, Memory starts at 0x24.
Process created successfully: PID: 30, Memory starts at 0x28.
Process created successfully: PID: 31, Memory starts at 0x2c.
Process created successfully: PID: 33, Memory starts at 0x30.
Process created successfully: PID: 36, Memory starts at 0x34.
PID 96 not found.
Process created successfully: PID: 39, Memory starts at 0x38.
Process created successfully: PID: 40, Memory starts at 0x3c.
Process created successfully: PID: 41, Memory starts at 0x40.
Process created successfully: PID: 42, Memory starts at 0x44.
Process created successfully: PID: 43, Memory starts at 0x48.
Process created successfully: PID: 46, Memory starts at 0x4c.
Process created successfully: PID: 49, Memory starts at 0x50.
Process created successfully: PID: 50, Memory starts at 0x54.
Process created successfully: PID: 53, Memory starts at 0x58.
Stack of PID 6: 1757374927 380515903 -846828728 -1241583932 522518460.
PID 108 not found.
PID 104 not found.
PID 80 not found.
PID 100 not found.
Stack overflow PID 37.
PID 85 not found.
PID 106 not found.
Stack overflow PID 52.
Stack overflow PID 34.
Stack overflow PID 20.
Stack overflow PID 48.
PID 101 not found.
Stack overflow PID 34.
Stack overflow PID 10.
PID 100 not found.
Stack overflow PID 51.
Process created successfully: PID: 56, Memory starts at 0x5c.
Process created successfully: PID: 57, Memory starts at 0x60.
Process created successfully: PID: 58, Memory starts at 0x64.
Process created successfully: PID: 59, Memory starts at 0x68.
Process created successfully: PID: 60, Memory starts at 0x6c.
Process created successfully: PID: 61, Memory starts at 0x70.
Process created successfully: PID: 62, Memory starts at 0x74.
Process created successfully: PID: 63, Memory starts at 0x78.
Process created successfully: PID: 64, Memory starts at 0x7c.
Process created successfully: PID: 65, Memory starts at 0x80.
Process created successfully: PID: 66, Memory starts at 0x84.
Process created successfully: PID: 67, Memory starts at 0x88.
Process created successfully: PID: 68, Memory starts at 0x8c.
Process created successfully: PID: 69, Memory starts at 0x90.
Process created successfully: PID: 70, Memory starts at 0x94.
Process created successfully: PID: 71, Memory starts at 0x98.
Process created successfully: PID: 72, Memory starts at 0x9c.
Finished queue:
[(7: priority = 95, executed_time = 134492),
(5: priority = 114, executed_time = 374648),
(1: priority = 78, executed_time = 246083),
(3: priority = 73, executed_time = 339725),
(9: priority = 78, executed_time = 794154),
(4: priority = 69, executed_time = 636682),
(6: priority = 61, executed_time = 572898),
(8: priority = 39, executed_time = 207434),
(2: priority = 51, executed_time = 987718),
(11: priority = 120, executed_time = 335827),
(43: priority = 120, executed_time = 335827),
(10: priority = 117, executed_time = 73093),
(42: priority = 117, executed_time = 73093),
(59: priority = 117, executed_time = 73093),
(9: priority = 114, executed_time = 374648),
(19: priority = 119, executed_time = 698512),
(32: priority = 114, executed_time = 374648),
(41: priority = 114, executed_time = 374648),
(58: priority = 114, executed_time = 374648),
(22: priority = 111, executed_time = 324459),
(8: priority = 107, executed_time = 811827),
(31: priority = 107, executed_time = 811827),
(40: priority = 107, executed_time = 811827),
(57: priority = 107, executed_time = 811827),
(14: priority = 95, executed_time = 134492),
(46: priority = 95, executed_time = 134492),
(1: priority = 78, executed_time = 246083),
(8: priority = 78, executed_time = 246083),
(9: priority = 78, executed_time = 246083),
(11: priority = 78, executed_time = 246083),
(24: priority = 78, executed_time = 246083),
(31: priority = 78, executed_time = 246083),
(33: priority = 78, executed_time = 246083),
(50: priority = 78, executed_time = 246083),
(17: priority = 78, executed_time = 794154),
(49: priority = 78, executed_time = 794154),
(4: priority = 73, executed_time = 339725),
(27: priority = 73, executed_time = 339725),
(36: priority = 73, executed_time = 339725),
(53: priority = 73, executed_time = 339725),
(7: priority = 69, executed_time = 636682),
(30: priority = 69, executed_time = 636682),
(39: priority = 69, executed_time = 636682),
(56: priority = 69, executed_time = 636682),
(1: priority = 78, executed_time = 246083),
(31: priority = 120, executed_time = 335827),
(66: priority = 120, executed_time = 335827),
(30: priority = 117, executed_time = 73093),
(65: priority = 117, executed_time = 73093),
(27: priority = 114, executed_time = 374648),
(53: priority = 114, executed_time = 374648),
(64: priority = 114, executed_time = 374648),
(24: priority = 107, executed_time = 811827),
(50: priority = 107, executed_time = 811827),
(69: priority = 95, executed_time = 134492),
(1: priority = 78, executed_time = 246083),
(63: priority = 107, executed_time = 811827),
(39: priority = 78, executed_time = 246083),
(56: priority = 78, executed_time = 246083),
(9: priority = 73, executed_time = 339725),
(42: priority = 73, executed_time = 339725),
(72: priority = 78, executed_time = 794154),
(59: priority = 73, executed_time = 339725),
(17: priority = 69, executed_time = 636682),
(49: priority = 69, executed_time = 636682),
(18: priority = 64, executed_time = 657622),
(62: priority = 69, executed_time = 636682),
(12: priority = 61, executed_time = 572898),
(33: priority = 61, executed_time = 572898),
(44: priority = 61, executed_time = 572898),
(20: priority = 59, executed_time = 242891),
(67: priority = 61, executed_time = 572898),
(2: priority = 51, executed_time = 987718),
(4: priority = 51, executed_time = 987718),
(7: priority = 51, executed_time = 987718),
(10: priority = 51, executed_time = 987718),
(19: priority = 51, executed_time = 987718),
(22: priority = 51, executed_time = 987718),
(25: priority = 51, executed_time = 987718),
(32: priority = 51, executed_time = 987718)]
Waiting queue:
[(34: priority = 51, remaining_time = 549643),
(51: priority = 51, remaining_time = 987718),
(57: priority = 51, remaining_time = 987718),
(3: priority = 45, remaining_time = 578199),
(8: priority = 45, remaining_time = 578199),
(26: priority = 45, remaining_time = 578199),
(35: priority = 45, remaining_time = 578199),
(41: priority = 45, remaining_time = 578199),
(52: priority = 45, remaining_time = 578199),
(58: priority = 45, remaining_time = 578199),
(6: priority = 44, remaining_time = 785118),
(14: priority = 44, remaining_time = 785118),
(29: priority = 44, remaining_time = 785118),
(38: priority = 44, remaining_time = 785118),
(46: priority = 44, remaining_time = 785118),
(55: priority = 44, remaining_time = 785118),
(61: priority = 44, remaining_time = 785118),
(15: priority = 39, remaining_time = 207434),
(47: priority = 39, remaining_time = 207434),
(70: priority = 39, remaining_time = 207434),
(13: priority = 19, remaining_time = 33629),
(36: priority = 19, remaining_time = 33629),
(45: priority = 19, remaining_time = 33629),
(68: priority = 19, remaining_time = 33629),
(21: priority = 13, remaining_time = 899764),
(23: priority = 11, remaining_time = 975254),
(5: priority = 8, remaining_time = 621577),
(11: priority = 8, remaining_time = 621577),
(28: priority = 8, remaining_time = 621577),
(37: priority = 8, remaining_time = 621577),
(43: priority = 8, remaining_time = 621577),
(54: priority = 8, remaining_time = 621577),
(60: priority = 8, remaining_time = 621577),
(16: priority = 4, remaining_time = 855914),
(48: priority = 4, remaining_time = 855914),
(71: priority = 4, remaining_time = 855914)]
Process created successfully: PID: 1, Memory starts at 0x0.
Process created successfully: PID: 2, Memory starts at 0x4.
PID 79 not found.
Process created successfully: PID: 4, Memory starts at 0x8.
Process created successfully: PID: 7, Memory starts at 0x10.
Empty stack PID 60.
PID 105 not found.
Stack of PID 52: -1021975253.
Empty stack PID 57.
PID 93 not found.
PID 19 not found.
PID 104 not found.
PID 128 not found.
Empty stack PID 60.
Process 60 is waiting (remaining_time: 621577).
Process 105 not found.
Process 52 is waiting (remaining_time: 578199).
Process 57 is finished.
Process 57 is finished.
Process 93 not found.
Waiting queue:
[(3: priority = 45, remaining_time = 391899),
(26: priority = 45, remaining_time = 578199),
(35: priority = 45, remaining_time = 578199),
(41: priority = 45, remaining_time = 578199),
(52: priority = 45, remaining_time = 578199),
(58: priority = 45, remaining_time = 578199),
(6: priority = 44, remaining_time = 785118),
(14: priority = 44, remaining_time = 785118),
(29: priority = 44, remaining_time = 785118),
(38: priority = 44, remaining_time = 785118),
(46: priority = 44, remaining_time = 785118),
(55: priority = 44, remaining_time = 785118),
(61: priority = 44, remaining_time = 785118),
(15: priority = 39, remaining_time = 207434),
(47: priority = 39, remaining_time = 207434),
(70: priority = 39, remaining_time = 207434),
(13: priority = 19, remaining_time = 33629),
(36: priority = 19, remaining_time = 33629),
(45: priority = 19, remaining_time = 33629),
(68: priority = 19, remaining_time = 33629),
(21: priority = 13, remaining_time = 899764),
(23: priority = 11, remaining_time = 975254),
(5: priority = 8, remaining_time = 621577),
(11: priority = 8, remaining_time = 621577),
(28: priority = 8, remaining_time = 621577),
(37: priority = 8, remaining_time = 621577),
(43: priority = 8, remaining_time = 621577),
(54: priority = 8, remaining_time = 621577),
(60: priority = 8, remaining_time = 621577),
(16: priority = 4, remaining_time = 855914),
(48: priority = 4, remaining_time = 855914),
(71: priority = 4, remaining_time = 855914)]
Finished queue:
[(7: priority = 95, executed_time = 134492),
(5: priority = 114, executed_time = 374648),
(1: priority = 78, executed_time = 246083),
(3: priority = 73, executed_time = 339725),
(9: priority = 78, executed_time = 794154),
(4: priority = 69, executed_time = 636682),
(6: priority = 61, executed_time = 572898),
(8: priority = 39, executed_time = 207434),
(2: priority = 51, executed_time = 987718),
(11: priority = 120, executed_time = 335827),
(43: priority = 120, executed_time = 335827),
(10: priority = 117, executed_time = 73093),
(42: priority = 117, executed_time = 73093),
(59: priority = 117, executed_time = 73093),
(9: priority = 114, executed_time = 374648),
(19: priority = 119, executed_time = 698512),
(32: priority = 114, executed_time = 374648),
(41: priority = 114, executed_time = 374648),
(58: priority = 114, executed_time = 374648),
(22: priority = 111, executed_time = 324459),
(8: priority = 107, executed_time = 811827),
(31: priority = 107, executed_time = 811827),
(40: priority = 107, executed_time = 811827),
(57: priority = 107, executed_time = 811827),
(14: priority = 95, executed_time = 134492),
(46: priority = 95, executed_time = 134492),
(1: priority = 78, executed_time = 246083),
(8: priority = 78, executed_time = 246083),
(9: priority = 78, executed_time = 246083),
(11: priority = 78, executed_time = 246083),
(24: priority = 78, executed_time = 246083),
(31: priority = 78, executed_time = 246083),
(33: priority = 78, executed_time = 246083),
(50: priority = 78, executed_time = 246083),
(17: priority = 78, executed_time = 794154),
(49: priority = 78, executed_time = 794154),
(4: priority = 73, executed_time = 339725),
(27: priority = 73, executed_time = 339725),
(36: priority = 73, executed_time = 339725),
(53: priority = 73, executed_time = 339725),
(7: priority = 69, executed_time = 636682),
(30: priority = 69, executed_time = 636682),
(39: priority = 69, executed_time = 636682),
(56: priority = 69, executed_time = 636682),
(1: priority = 78, executed_time = 246083),
(31: priority = 120, executed_time = 335827),
(66: priority = 120, executed_time = 335827),
(30: priority = 117, executed_time = 73093),
(65: priority = 117, executed_time = 73093),
(27: priority = 114, executed_time = 374648),
(53: priority = 114, executed_time = 374648),
(64: priority = 114, executed_time = 374648),
(24: priority = 107, executed_time = 811827),
(50: priority = 107, executed_time = 811827),
(69: priority = 95, executed_time = 134492),
(1: priority = 78, executed_time = 246083),
(63: priority = 107, executed_time = 811827),
(39: priority = 78, executed_time = 246083),
(56: priority = 78, executed_time = 246083),
(9: priority = 73, executed_time = 339725),
(42: priority = 73, executed_time = 339725),
(72: priority = 78, executed_time = 794154),
(59: priority = 73, executed_time = 339725),
(17: priority = 69, executed_time = 636682),
(49: priority = 69, executed_time = 636682),
(18: priority = 64, executed_time = 657622),
(62: priority = 69, executed_time = 636682),
(12: priority = 61, executed_time = 572898),
(33: priority = 61, executed_time = 572898),
(44: priority = 61, executed_time = 572898),
(20: priority = 59, executed_time = 242891),
(67: priority = 61, executed_time = 572898),
(2: priority = 51, executed_time = 987718),
(4: priority = 51, executed_time = 987718),
(7: priority = 51, executed_time = 987718),
(10: priority = 51, executed_time = 987718),
(19: priority = 51, executed_time = 987718),
(22: priority = 51, executed_time = 987718),
(25: priority = 51, executed_time = 987718),
(32: priority = 51, executed_time = 987718),
(1: priority = 78, executed_time = 246083),
(4: priority = 78, executed_time = 246083),
(34: priority = 51, executed_time = 987718),
(40: priority = 51, executed_time = 987718),
(2: priority = 51, executed_time = 987718),
(7: priority = 51, executed_time = 987718),
(51: priority = 51, executed_time = 987718),
(57: priority = 51, executed_time = 987718),
(3: priority = 45, executed_time = 578199),
(8: priority = 45, executed_time = 578199),
(26: priority = 45, executed_time = 578199)]
PID 57 not found.
PID 104 not found.
PID 128 not found.
PID 118 not found.
PID 115 not found.
PID 85 not found.
PID 103 not found.
PID 40 not found.
PID 127 not found.
Stack overflow PID 60.
PID 119 not found.
PID 97 not found.
PID 59 not found.
PID 49 not found.
PID 115 not found.
PID 51 not found.
PID 86 not found.
PID 85 not found.
PID 51 not found.
PID 109 not found.
Process created successfully: PID: 1, Memory starts at 0x0.
Process created successfully: PID: 2, Memory starts at 0x4.
Process created successfully: PID: 3, Memory starts at 0x8.
Process created successfully: PID: 4, Memory starts at 0xc.
Process created successfully: PID: 7, Memory starts at 0x10.
Process created successfully: PID: 8, Memory starts at 0x1c.
Process created successfully: PID: 9, Memory starts at 0x20.
Process created successfully: PID: 10, Memory starts at 0x24.
Process created successfully: PID: 12, Memory starts at 0x28.
Process created successfully: PID: 17, Memory starts at 0x2c.
Process created successfully: PID: 18, Memory starts at 0x30.
Process created successfully: PID: 19, Memory starts at 0x38.
Process created successfully: PID: 20, Memory starts at 0x3c.
Process created successfully: PID: 22, Memory starts at 0x44.
Process created successfully: PID: 24, Memory starts at 0x50.
Process created successfully: PID: 25, Memory starts at 0x54.
Process created successfully: PID: 26, Memory starts at 0x58.
Process created successfully: PID: 27, Memory starts at 0x5c.
Process created successfully: PID: 30, Memory starts at 0x60.
Process created successfully: PID: 31, Memory starts at 0x68.
Stack of PID 54: 981354808.
Process created successfully: PID: 32, Memory starts at 0x74.
Process created successfully: PID: 33, Memory starts at 0x78.
Waiting queue:
[(18: priority = 120, remaining_time = 335827),
(30: priority = 119, remaining_time = 698512),
(17: priority = 117, remaining_time = 73093),
(12: priority = 114, remaining_time = 374648),
(10: priority = 107, remaining_time = 811827),
(22: priority = 95, remaining_time = 134492),
(1: priority = 78, remaining_time = 246083),
(32: priority = 78, remaining_time = 246083),
(26: priority = 78, remaining_time = 794154),
(4: priority = 73, remaining_time = 339725),
(9: priority = 69, remaining_time = 636682),
(27: priority = 64, remaining_time = 657622),
(19: priority = 61, remaining_time = 572898),
(31: priority = 59, remaining_time = 242891),
(2: priority = 51, remaining_time = 987718),
(33: priority = 51, remaining_time = 987718),
(35: priority = 45, remaining_time = 127299),
(3: priority = 45, remaining_time = 578199),
(52: priority = 45, remaining_time = 578199),
(58: priority = 45, remaining_time = 578199),
(6: priority = 44, remaining_time = 785118),
(8: priority = 44, remaining_time = 785118),
(14: priority = 44, remaining_time = 785118),
(29: priority = 44, remaining_time = 785118),
(38: priority = 44, remaining_time = 785118),
(46: priority = 44, remaining_time = 785118),
(55: priority = 44, remaining_time = 785118),
(61: priority = 44, remaining_time = 785118),
(15: priority = 39, remaining_time = 207434),
(24: priority = 39, remaining_time = 207434),
(47: priority = 39, remaining_time = 207434),
(70: priority = 39, remaining_time = 207434),
(13: priority = 19, remaining_time = 33629),
(20: priority = 19, remaining_time = 33629),
(36: priority = 19, remaining_time = 33629),
(45: priority = 19, remaining_time = 33629),
(68: priority = 19, remaining_time = 33629),
(21: priority = 13, remaining_time = 899764),
(23: priority = 11, remaining_time = 975254),
(5: priority = 8, remaining_time = 621577),
(7: priority = 8, remaining_time = 621577),
(11: priority = 8, remaining_time = 621577),
(28: priority = 8, remaining_time = 621577),
(37: priority = 8, remaining_time = 621577),
(43: priority = 8, remaining_time = 621577),
(54: priority = 8, remaining_time = 621577),
(60: priority = 8, remaining_time = 621577),
(16: priority = 4, remaining_time = 855914),
(25: priority = 4, remaining_time = 855914),
(48: priority = 4, remaining_time = 855914),
(71: priority = 4, remaining_time = 855914)]
PID 42 not found.
PID 42 not found.
PID 40 not found.
PID 105 not found.
Empty stack PID 27.
Empty stack PID 7.
Empty stack PID 32.
PID 63 not found.
PID 84 not found.
PID 115 not found.
PID 128 not found.
PID 132 not found.
Empty stack PID 68.
PID 74 not found.
PID 40 not found.
Empty stack PID 61.
PID 135 not found.
PID 101 not found.
Process 42 is finished.
Process 42 is finished.
Process 5 is waiting (remaining_time: 621577).
Process 5 is finished.
Process 40 is finished.
Process 40 is finished.
Process 105 not found.
Process 28 is waiting (remaining_time: 621577).
Process 27 is waiting (remaining_time: 657622).
Process 27 is finished.
Process 27 is finished.
Process 7 is waiting (remaining_time: 621577).
Process 7 is finished.
Process 7 is finished.
Process 7 is finished.
Process 7 is finished.
Waiting queue:
[(10: priority = 107, remaining_time = 566127),
(32: priority = 78, remaining_time = 246083),
(26: priority = 78, remaining_time = 794154),
(4: priority = 73, remaining_time = 339725),
(9: priority = 69, remaining_time = 636682),
(27: priority = 64, remaining_time = 657622),
(19: priority = 61, remaining_time = 572898),
(31: priority = 59, remaining_time = 242891),
(2: priority = 51, remaining_time = 987718),
(33: priority = 51, remaining_time = 987718),
(35: priority = 45, remaining_time = 127299),
(41: priority = 45, remaining_time = 577524),
(3: priority = 45, remaining_time = 578199),
(52: priority = 45, remaining_time = 578199),
(58: priority = 45, remaining_time = 578199),
(6: priority = 44, remaining_time = 785118),
(8: priority = 44, remaining_time = 785118),
(14: priority = 44, remaining_time = 785118),
(29: priority = 44, remaining_time = 785118),
(38: priority = 44, remaining_time = 785118),
(46: priority = 44, remaining_time = 785118),
(55: priority = 44, remaining_time = 785118),
(61: priority = 44, remaining_time = 785118),
(15: priority = 39, remaining_time = 207434),
(24: priority = 39, remaining_time = 207434),
(47: priority = 39, remaining_time = 207434),
(70: priority = 39, remaining_time = 207434),
(13: priority = 19, remaining_time = 33629),
(20: priority = 19, remaining_time = 33629),
(36: priority = 19, remaining_time = 33629),
(45: priority = 19, remaining_time = 33629),
(68: priority = 19, remaining_time = 33629),
(21: priority = 13, remaining_time = 899764),
(23: priority = 11, remaining_time = 975254),
(5: priority = 8, remaining_time = 621577),
(7: priority = 8, remaining_time = 621577),
(11: priority = 8, remaining_time = 621577),
(28: priority = 8, remaining_time = 621577),
(37: priority = 8, remaining_time = 621577),
(43: priority = 8, remaining_time = 621577),
(54: priority = 8, remaining_time = 621577),
(60: priority = 8, remaining_time = 621577),
(16: priority = 4, remaining_time = 855914),
(25: priority = 4, remaining_time = 855914),
(48: priority = 4, remaining_time = 855914),
(71: priority = 4, remaining_time = 855914)]
Process 42 is finished.
Process 42 is finished.
Waiting queue:
[(10: priority = 107, remaining_time = 566127),
(32: priority = 78, remaining_time = 246083),
(26: priority = 78, remaining_time = 794154),
(4: priority = 73, remaining_time = 339725),
(9: priority = 69, remaining_time = 636682),
(27: priority = 64, remaining_time = 657622),
(19: priority = 61, remaining_time = 572898),
(31: priority = 59, remaining_time = 242891),
(2: priority = 51, remaining_time = 987718),
(33: priority = 51, remaining_time = 987718),
(35: priority = 45, remaining_time = 127299),
(41: priority = 45, remaining_time = 577524),
(3: priority = 45, remaining_time = 578199),
(52: priority = 45, remaining_time = 578199),
(58: priority = 45, remaining_time = 578199),
(6: priority = 44, remaining_time = 785118),
(8: priority = 44, remaining_time = 785118),
(14: priority = 44, remaining_time = 785118),
(29: priority = 44, remaining_time = 785118),
(38: priority = 44, remaining_time = 785118),
(46: priority = 44, remaining_time = 785118),
(55: priority = 44, remaining_time = 785118),
(61: priority = 44, remaining_time = 785118),
(15: priority = 39, remaining_time = 207434),
(24: priority = 39, remaining_time = 207434),
(47: priority = 39, remaining_time = 207434),
(70: priority = 39, remaining_time = 207434),
(13: priority = 19, remaining_time = 33629),
(20: priority = 19, remaining_time = 33629),
(36: priority = 19, remaining_time = 33629),
(45: priority = 19, remaining_time = 33629),
(68: priority = 19, remaining_time = 33629),
(21: priority = 13, remaining_time = 899764),
(23: priority = 11, remaining_time = 975254),
(5: priority = 8, remaining_time = 621577),
(7: priority = 8, remaining_time = 621577),
(11: priority = 8, remaining_time = 621577),
(28: priority = 8, remaining_time = 621577),
(37: priority = 8, remaining_time = 621577),
(43: priority = 8, remaining_time = 621577),
(54: priority = 8, remaining_time = 621577),
(60: priority = 8, remaining_time = 621577),
(16: priority = 4, remaining_time = 855914),
(25: priority = 4, remaining_time = 855914),
(48: priority = 4, remaining_time = 855914),
(71: priority = 4, remaining_time = 855914)]
Finished queue:
[(7: priority = 95, executed_time = 134492),
(5: priority = 114, executed_time = 374648),
(1: priority = 78, executed_time = 246083),
(3: priority = 73, executed_time = 339725),
(9: priority = 78, executed_time = 794154),
(4: priority = 69, executed_time = 636682),
(6: priority = 61, executed_time = 572898),
(8: priority = 39, executed_time = 207434),
(2: priority = 51, executed_time = 987718),
(11: priority = 120, executed_time = 335827),
(43: priority = 120, executed_time = 335827),
(10: priority = 117, executed_time = 73093),
(42: priority = 117, executed_time = 73093),
(59: priority = 117, executed_time = 73093),
(9: priority = 114, executed_time = 374648),
(19: priority = 119, executed_time = 698512),
(32: priority = 114, executed_time = 374648),
(41: priority = 114, executed_time = 374648),
(58: priority = 114, executed_time = 374648),
(22: priority = 111, executed_time = 324459),
(8: priority = 107, executed_time = 811827),
(31: priority = 107, executed_time = 811827),
(40: priority = 107, executed_time = 811827),
(57: priority = 107, executed_time = 811827),
(14: priority = 95, executed_time = 134492),
(46: priority = 95, executed_time = 134492),
(1: priority = 78, executed_time = 246083),
(8: priority = 78, executed_time = 246083),
(9: priority = 78, executed_time = 246083),
(11: priority = 78, executed_time = 246083),
(24: priority = 78, executed_time = 246083),
(31: priority = 78, executed_time = 246083),
(33: priority = 78, executed_time = 246083),
(50: priority = 78, executed_time = 246083),
(17: priority = 78, executed_time = 794154),
(49: priority = 78, executed_time = 794154),
(4: priority = 73, executed_time = 339725),
(27: priority = 73, executed_time = 339725),
(36: priority = 73, executed_time = 339725),
(53: priority = 73, executed_time = 339725),
(7: priority = 69, executed_time = 636682),
(30: priority = 69, executed_time = 636682),
(39: priority = 69, executed_time = 636682),
(56: priority = 69, executed_time = 636682),
(1: priority = 78, executed_time = 246083),
(31: priority = 120, executed_time = 335827),
(66: priority = 120, executed_time = 335827),
(30: priority = 117, executed_time = 73093),
(65: priority = 117, executed_time = 73093),
(27: priority = 114, executed_time = 374648),
(53: priority = 114, executed_time = 374648),
(64: priority = 114, executed_time = 374648),
(24: priority = 107, executed_time = 811827),
(50: priority = 107, executed_time = 811827),
(69: priority = 95, executed_time = 134492),
(1: priority = 78, executed_time = 246083),
(63: priority = 107, executed_time = 811827),
(39: priority = 78, executed_time = 246083),
(56: priority = 78, executed_time = 246083),
(9: priority = 73, executed_time = 339725),
(42: priority = 73, executed_time = 339725),
(72: priority = 78, executed_time = 794154),
(59: priority = 73, executed_time = 339725),
(17: priority = 69, executed_time = 636682),
(49: priority = 69, executed_time = 636682),
(18: priority = 64, executed_time = 657622),
(62: priority = 69, executed_time = 636682),
(12: priority = 61, executed_time = 572898),
(33: priority = 61, executed_time = 572898),
(44: priority = 61, executed_time = 572898),
(20: priority = 59, executed_time = 242891),
(67: priority = 61, executed_time = 572898),
(2: priority = 51, executed_time = 987718),
(4: priority = 51, executed_time = 987718),
(7: priority = 51, executed_time = 987718),
(10: priority = 51, executed_time = 987718),
(19: priority = 51, executed_time = 987718),
(22: priority = 51, executed_time = 987718),
(25: priority = 51, executed_time = 987718),
(32: priority = 51, executed_time = 987718),
(1: priority = 78, executed_time = 246083),
(4: priority = 78, executed_time = 246083),
(34: priority = 51, executed_time = 987718),
(40: priority = 51, executed_time = 987718),
(2: priority = 51, executed_time = 987718),
(7: priority = 51, executed_time = 987718),
(51: priority = 51, executed_time = 987718),
(57: priority = 51, executed_time = 987718),
(3: priority = 45, executed_time = 578199),
(8: priority = 45, executed_time = 578199),
(26: priority = 45, executed_time = 578199),
(18: priority = 120, executed_time = 335827),
(17: priority = 117, executed_time = 73093),
(30: priority = 119, executed_time = 698512),
(12: priority = 114, executed_time = 374648),
(22: priority = 95, executed_time = 134492),
(1: priority = 78, executed_time = 246083),
(32: priority = 78, executed_time = 246083),
(10: priority = 107, executed_time = 811827),
(4: priority = 73, executed_time = 339725),
(26: priority = 78, executed_time = 794154),
(9: priority = 69, executed_time = 636682),
(27: priority = 64, executed_time = 657622),
(19: priority = 61, executed_time = 572898),
(31: priority = 59, executed_time = 242891)]
Process created successfully: PID: 1, Memory starts at 0x0.
Process created successfully: PID: 4, Memory starts at 0xc.
PID 96 not found.
PID 117 not found.
PID 79 not found.
PID 18 not found.
Empty stack PID 3.
PID 136 not found.
Empty stack PID 68.
Stack of PID 38: -2019339724.
Process created successfully: PID: 9, Memory starts at 0x20.
Process created successfully: PID: 10, Memory starts at 0x24.
PID 109 not found.
Waiting queue:
[(1: priority = 78, remaining_time = 246083),
(9: priority = 78, remaining_time = 246083),
(2: priority = 51, remaining_time = 553693),
(4: priority = 51, remaining_time = 987718),
(10: priority = 51, remaining_time = 987718),
(35: priority = 45, remaining_time = 127299),
(41: priority = 45, remaining_time = 577524),
(3: priority = 45, remaining_time = 578199),
(52: priority = 45, remaining_time = 578199),
(58: priority = 45, remaining_time = 578199),
(6: priority = 44, remaining_time = 785118),
(8: priority = 44, remaining_time = 785118),
(14: priority = 44, remaining_time = 785118),
(29: priority = 44, remaining_time = 785118),
(38: priority = 44, remaining_time = 785118),
(46: priority = 44, remaining_time = 785118),
(55: priority = 44, remaining_time = 785118),
(61: priority = 44, remaining_time = 785118),
(15: priority = 39, remaining_time = 207434),
(24: priority = 39, remaining_time = 207434),
(47: priority = 39, remaining_time = 207434),
(70: priority = 39, remaining_time = 207434),
(13: priority = 19, remaining_time = 33629),
(20: priority = 19, remaining_time = 33629),
(36: priority = 19, remaining_time = 33629),
(45: priority = 19, remaining_time = 33629),
(68: priority = 19, remaining_time = 33629),
(21: priority = 13, remaining_time = 899764),
(23: priority = 11, remaining_time = 975254),
(5: priority = 8, remaining_time = 621577),
(7: priority = 8, remaining_time = 621577),
(11: priority = 8, remaining_time = 621577),
(28: priority = 8, remaining_time = 621577),
(37: priority = 8, remaining_time = 621577),
(43: priority = 8, remaining_time = 621577),
(54: priority = 8, remaining_time = 621577),
(60: priority = 8, remaining_time = 621577),
(16: priority = 4, remaining_time = 855914),
(25: priority = 4, remaining_time = 855914),
(48: priority = 4, remaining_time = 855914),
(71: priority = 4, remaining_time = 855914)]
PID 109 not found.
PID 135 not found.
Stack overflow PID 37.
PID 142 not found.
PID 105 not found.
PID 129 not found.
PID 79 not found.
PID 80 not found.
Stack overflow PID 60.
PID 91 not found.
PID 49 not found.
PID 19 not found.
PID 141 not found.
PID 114 not found.
PID 110 not found.
PID 39 not found.
PID 99 not found.
PID 155 not found.
PID 64 not found.
PID 152 not found.
Stack overflow PID 37.
Stack overflow PID 11.
PID 107 not found.
PID 101 not found.
PID 114 not found.
PID 136 not found.
Stack overflow PID 7.
PID 138 not found.
PID 94 not found.
PID 84 not found.
PID 56 not found.
PID 34 not found.
PID 143 not found.
PID 40 not found.
PID 17 not found.
PID 93 not found.
PID 98 not found.
PID 82 not found.
PID 40 not found.
PID 32 not found.
PID 154 not found.
Stack overflow PID 25.
PID 113 not found.
PID 115 not found.
PID 74 not found.
PID 152 not found.
PID 51 not found.
PID 127 not found.
PID 66 not found.
PID 69 not found.
PID 148 not found.
PID 89 not found.
Stack overflow PID 54.
PID 27 not found.
PID 101 not found.
PID 91 not found.
PID 27 not found.
Stack overflow PID 28.
PID 72 not found.
PID 99 not found.
Stack overflow PID 2.
PID 152 not found.
PID 26 not found.
PID 79 not found.
PID 102 not found.
PID 155 not found.
PID 143 not found.
PID 27 not found.
Stack overflow PID 2.
PID 32 not found.
PID 133 not found.
PID 122 not found.
PID 31 not found.
PID 85 not found.
PID 137 not found.
PID 133 not found.
PID 100 not found.
PID 128 not found.
PID 115 not found.
PID 119 not found.
PID 112 not found.
Stack overflow PID 36.
PID 139 not found.
PID 56 not found.
PID 97 not found.
Stack overflow PID 38.
PID 92 not found.
PID 118 not found.
PID 149 not found.
Stack overflow PID 41.
PID 76 not found.
PID 128 not found.
PID 143 not found.
PID 120 not found.
PID 136 not found.
PID 94 not found.
PID 86 not found.
PID 143 not found.
Stack overflow PID 20.
PID 26 not found.
Stack overflow PID 38.
PID 72 not found.
PID 144 not found.
Stack overflow PID 9.
PID 109 not found.
PID 127 not found.
PID 67 not found.
Stack overflow PID 11.
PID 77 not found.
PID 120 not found.
PID 92 not found.
PID 75 not found.
PID 94 not found.
PID 136 not found.
PID 82 not found.
PID 113 not found.
PID 102 not found.
PID 131 not found.
PID 53 not found.
PID 131 not found.
PID 117 not found.
PID 152 not found.
Stack overflow PID 47.
PID 125 not found.
PID 69 not found.
PID 32 not found.
PID 123 not found.
PID 139 not found.
PID 17 not found.
Stack overflow PID 52.
PID 114 not found.
Stack overflow PID 11.
Stack overflow PID 36.
PID 135 not found.
PID 150 not found.
PID 39 not found.
PID 106 not found.
PID 112 not found.
PID 137 not found.
Stack overflow PID 2.
PID 110 not found.
Stack overflow PID 10.
PID 27 not found.
PID 84 not found.
PID 127 not found.
PID 133 not found.
PID 120 not found.
PID 31 not found.
Stack overflow PID 2.
PID 73 not found.
Stack overflow PID 7.
Stack overflow PID 29.
PID 137 not found.
PID 110 not found.
PID 119 not found.
PID 114 not found.
PID 99 not found.
PID 126 not found.
PID 119 not found.
PID 90 not found.
Stack overflow PID 9.
PID 66 not found.
Stack overflow PID 21.
PID 63 not found.
PID 155 not found.
PID 113 not found.
Stack overflow PID 43.
PID 56 not found.
PID 100 not found.
PID 110 not found.
PID 106 not found.
PID 66 not found.
PID 103 not found.
Stack overflow PID 25.
Stack overflow PID 21.
PID 126 not found.
PID 114 not found.
PID 120 not found.
PID 146 not found.
Stack overflow PID 43.
PID 127 not found.
PID 85 not found.
PID 85 not found.
PID 138 not found.
PID 118 not found.
PID 74 not found.
PID 103 not found.
PID 53 not found.
PID 100 not found.
Stack overflow PID 21.
PID 136 not found.
PID 133 not found.
PID 32 not found.
PID 85 not found.
Stack overflow PID 68.
PID 62 not found.
PID 140 not found.
PID 31 not found.
PID 19 not found.
PID 51 not found.
Stack overflow PID 37.
Stack overflow PID 48.
PID 73 not found.
PID 126 not found.
PID 104 not found.
PID 67 not found.
Stack overflow PID 7.
Stack overflow PID 60.
PID 19 not found.
PID 132 not found.
PID 19 not found.
Stack overflow PID 41.
Stack overflow PID 24.
PID 86 not found.
Stack overflow PID 46.
PID 105 not found.
Stack overflow PID 61.
PID 136 not found.
PID 106 not found.
PID 40 not found.
PID 103 not found.
PID 106 not found.
Stack overflow PID 10.
PID 127 not found.
PID 53 not found.
PID 115 not found.
PID 108 not found.
PID 95 not found.
PID 94 not found.
PID 155 not found.
PID 94 not found.
PID 145 not found.
PID 127 not found.
PID 76 not found.
PID 151 not found.
PID 19 not found.
PID 51 not found.
Stack overflow PID 9.
Stack overflow PID 8.
Stack overflow PID 10.
PID 80 not found.
PID 83 not found.
PID 90 not found.
Stack overflow PID 60.
PID 76 not found.
PID 30 not found.
PID 146 not found.
Stack overflow PID 21.
PID 34 not found.
Stack overflow PID 47.
PID 32 not found.
PID 93 not found.
Stack overflow PID 58.
PID 146 not found.
PID 51 not found.
PID 40 not found.
PID 69 not found.
Stack overflow PID 29.
PID 59 not found.
PID 155 not found.
PID 42 not found.
PID 131 not found.
PID 18 not found.
PID 144 not found.
Stack overflow PID 52.
PID 26 not found.
PID 75 not found.
PID 91 not found.
PID 155 not found.
Stack overflow PID 47.
PID 103 not found.
PID 22 not found.
PID 144 not found.
PID 27 not found.
PID 91 not found.
Stack overflow PID 58.
PID 65 not found.
PID 53 not found.
PID 44 not found.
PID 94 not found.
Stack overflow PID 28.
PID 72 not found.
PID 109 not found.
PID 19 not found.
PID 109 not found.
PID 82 not found.
PID 119 not found.
PID 31 not found.
PID 144 not found.
Stack overflow PID 33.
Stack overflow PID 9.
PID 136 not found.
PID 123 not found.
PID 145 not found.
PID 155 not found.
PID 89 not found.
PID 79 not found.
PID 91 not found.
PID 93 not found.
PID 129 not found.
PID 82 not found.
Stack overflow PID 9.
PID 87 not found.
Stack overflow PID 20.
PID 142 not found.
Stack overflow PID 52.
PID 79 not found.
PID 83 not found.
PID 74 not found.
PID 145 not found.
Stack overflow PID 47.
Stack overflow PID 61.
PID 84 not found.
Stack overflow PID 37.
PID 59 not found.
PID 78 not found.
PID 144 not found.
PID 134 not found.
PID 92 not found.
PID 99 not found.
PID 128 not found.
PID 111 not found.
PID 39 not found.
PID 97 not found.
PID 121 not found.
PID 100 not found.
PID 57 not found.
PID 119 not found.
Stack overflow PID 70.
PID 113 not found.
PID 98 not found.
PID 155 not found.
PID 59 not found.
PID 141 not found.
Stack overflow PID 11.
PID 31 not found.
Stack overflow PID 1.
Stack overflow PID 61.
Stack overflow PID 7.
PID 106 not found.
PID 93 not found.
PID 150 not found.
Stack overflow PID 52.
PID 110 not found.
PID 74 not found.
PID 143 not found.
PID 83 not found.
PID 62 not found.
PID 49 not found.
PID 134 not found.
PID 73 not found.
PID 115 not found.
Stack overflow PID 60.
PID 102 not found.
PID 149 not found.
PID 134 not found.
Stack overflow PID 33.
Stack overflow PID 25.
PID 40 not found.
Stack overflow PID 25.
PID 92 not found.
PID 119 not found.
PID 136 not found.
PID 84 not found.
PID 100 not found.
Stack overflow PID 3.
Stack overflow PID 38.
PID 110 not found.
PID 72 not found.
PID 116 not found.
PID 59 not found.
Stack overflow PID 38.
PID 81 not found.
Stack overflow PID 29.
Stack overflow PID 24.
PID 117 not found.
PID 91 not found.
PID 116 not found.
PID 138 not found.
PID 140 not found.
PID 136 not found.
PID 64 not found.
PID 147 not found.
Stack overflow PID 4.
PID 142 not found.
PID 64 not found.
PID 102 not found.
PID 109 not found.
PID 107 not found.
Stack overflow PID 1.
PID 31 not found.
PID 143 not found.
PID 76 not found.
PID 124 not found.
PID 109 not found.
Stack overflow PID 33.
Stack overflow PID 55.
Stack overflow PID 8.
PID 51 not found.
Stack overflow PID 38.
PID 144 not found.
Stack overflow PID 35.
Stack overflow PID 36.
PID 142 not found.
PID 98 not found.
PID 111 not found.
PID 114 not found.
Stack overflow PID 36.
PID 136 not found.
PID 88 not found.
PID 27 not found.
PID 138 not found.
Stack overflow PID 37.
PID 69 not found.
Stack overflow PID 33.
Stack overflow PID 25.
PID 80 not found.
PID 30 not found.
PID 103 not found.
PID 112 not found.
PID 86 not found.
PID 135 not found.
PID 146 not found.
PID 89 not found.
Stack overflow PID 38.
PID 148 not found.
Stack overflow PID 8.
Stack overflow PID 25.
PID 127 not found.
PID 81 not found.
PID 145 not found.
PID 120 not found.
PID 40 not found.
PID 30 not found.
PID 75 not found.
PID 118 not found.
PID 81 not found.
PID 44 not found.
PID 44 not found.
Stack overflow PID 60.
PID 114 not found.
PID 110 not found.
PID 32 not found.
Stack overflow PID 3.
Stack overflow PID 60.
PID 111 not found.
PID 149 not found.
PID 31 not found.
PID 130 not found.
PID 50 not found.
PID 91 not found.
PID 117 not found.
PID 139 not found.
PID 82 not found.
PID 34 not found.
PID 65 not found.
PID 101 not found.
PID 27 not found.
PID 146 not found.
PID 117 not found.
Process created successfully: PID: 12, Memory starts at 0x28.
Process 18 is finished.
Process 18 is finished.
Process 111 not found.
Process 7 is waiting (remaining_time: 621577).
Process 7 is finished.
Process 7 is finished.
Process 7 is finished.
Process 7 is finished.
Process 120 not found.
Process 90 not found.
Process 4 is waiting (remaining_time: 987718).
Process 4 is finished.
Process 4 is finished.
Process 4 is finished.
Process 4 is finished.
Process 4 is finished.
Finished queue:
[(7: priority = 95, executed_time = 134492),
(5: priority = 114, executed_time = 374648),
(1: priority = 78, executed_time = 246083),
(3: priority = 73, executed_time = 339725),
(9: priority = 78, executed_time = 794154),
(4: priority = 69, executed_time = 636682),
(6: priority = 61, executed_time = 572898),
(8: priority = 39, executed_time = 207434),
(2: priority = 51, executed_time = 987718),
(11: priority = 120, executed_time = 335827),
(43: priority = 120, executed_time = 335827),
(10: priority = 117, executed_time = 73093),
(42: priority = 117, executed_time = 73093),
(59: priority = 117, executed_time = 73093),
(9: priority = 114, executed_time = 374648),
(19: priority = 119, executed_time = 698512),
(32: priority = 114, executed_time = 374648),
(41: priority = 114, executed_time = 374648),
(58: priority = 114, executed_time = 374648),
(22: priority = 111, executed_time = 324459),
(8: priority = 107, executed_time = 811827),
(31: priority = 107, executed_time = 811827),
(40: priority = 107, executed_time = 811827),
(57: priority = 107, executed_time = 811827),
(14: priority = 95, executed_time = 134492),
(46: priority = 95, executed_time = 134492),
(1: priority = 78, executed_time = 246083),
(8: priority = 78, executed_time = 246083),
(9: priority = 78, executed_time = 246083),
(11: priority = 78, executed_time = 246083),
(24: priority = 78, executed_time = 246083),
(31: priority = 78, executed_time = 246083),
(33: priority = 78, executed_time = 246083),
(50: priority = 78, executed_time = 246083),
(17: priority = 78, executed_time = 794154),
(49: priority = 78, executed_time = 794154),
(4: priority = 73, executed_time = 339725),
(27: priority = 73, executed_time = 339725),
(36: priority = 73, executed_time = 339725),
(53: priority = 73, executed_time = 339725),
(7: priority = 69, executed_time = 636682),
(30: priority = 69, executed_time = 636682),
(39: priority = 69, executed_time = 636682),
(56: priority = 69, executed_time = 636682),
(1: priority = 78, executed_time = 246083),
(31: priority = 120, executed_time = 335827),
(66: priority = 120, executed_time = 335827),
(30: priority = 117, executed_time = 73093),
(65: priority = 117, executed_time = 73093),
(27: priority = 114, executed_time = 374648),
(53: priority = 114, executed_time = 374648),
(64: priority = 114, executed_time = 374648),
(24: priority = 107, executed_time = 811827),
(50: priority = 107, executed_time = 811827),
(69: priority = 95, executed_time = 134492),
(1: priority = 78, executed_time = 246083),
(63: priority = 107, executed_time = 811827),
(39: priority = 78, executed_time = 246083),
(56: priority = 78, executed_time = 246083),
(9: priority = 73, executed_time = 339725),
(42: priority = 73, executed_time = 339725),
(72: priority = 78, executed_time = 794154),
(59: priority = 73, executed_time = 339725),
(17: priority = 69, executed_time = 636682),
(49: priority = 69, executed_time = 636682),
(18: priority = 64, executed_time = 657622),
(62: priority = 69, executed_time = 636682),
(12: priority = 61, executed_time = 572898),
(33: priority = 61, executed_time = 572898),
(44: priority = 61, executed_time = 572898),
(20: priority = 59, executed_time = 242891),
(67: priority = 61, executed_time = 572898),
(2: priority = 51, executed_time = 987718),
(4: priority = 51, executed_time = 987718),
(7: priority = 51, executed_time = 987718),
(10: priority = 51, executed_time = 987718),
(19: priority = 51, executed_time = 987718),
(22: priority = 51, executed_time = 987718),
(25: priority = 51, executed_time = 987718),
(32: priority = 51, executed_time = 987718),
(1: priority = 78, executed_time = 246083),
(4: priority = 78, executed_time = 246083),
(34: priority = 51, executed_time = 987718),
(40: priority = 51, executed_time = 987718),
(2: priority = 51, executed_time = 987718),
(7: priority = 51, executed_time = 987718),
(51: priority = 51, executed_time = 987718),
(57: priority = 51, executed_time = 987718),
(3: priority = 45, executed_time = 578199),
(8: priority = 45, executed_time = 578199),
(26: priority = 45, executed_time = 578199),
(18: priority = 120, executed_time = 335827),
(17: priority = 117, executed_time = 73093),
(30: priority = 119, executed_time = 698512),
(12: priority = 114, executed_time = 374648),
(22: priority = 95, executed_time = 134492),
(1: priority = 78, executed_time = 246083),
(32: priority = 78, executed_time = 246083),
(10: priority = 107, executed_time = 811827),
(4: priority = 73, executed_time = 339725),
(26: priority = 78, executed_time = 794154),
(9: priority = 69, executed_time = 636682),
(27: priority = 64, executed_time = 657622),
(19: priority = 61, executed_time = 572898),
(31: priority = 59, executed_time = 242891)]
PID 18 not found.
PID 18 not found.
PID 111 not found.
PID 120 not found.
PID 90 not found.
PID 80 not found.
PID 59 not found.
PID 98 not found.
PID 44 not found.
PID 65 not found.
PID 134 not found.
PID 131 not found.
PID 125 not found.
PID 88 not found.
PID 50 not found.
PID 81 not found.
PID 145 not found.
PID 34 not found.
PID 102 not found.
PID 109 not found.
Empty stack PID 4.
PID 123 not found.
PID 112 not found.
PID 65 not found.
PID 18 not found.
Finished queue:
[(7: priority = 95, executed_time = 134492),
(5: priority = 114, executed_time = 374648),
(1: priority = 78, executed_time = 246083),
(3: priority = 73, executed_time = 339725),
(9: priority = 78, executed_time = 794154),
(4: priority = 69, executed_time = 636682),
(6: priority = 61, executed_time = 572898),
(8: priority = 39, executed_time = 207434),
(2: priority = 51, executed_time = 987718),
(11: priority = 120, executed_time = 335827),
(43: priority = 120, executed_time = 335827),
(10: priority = 117, executed_time = 73093),
(42: priority = 117, executed_time = 73093),
(59: priority = 117, executed_time = 73093),
(9: priority = 114, executed_time = 374648),
(19: priority = 119, executed_time = 698512),
(32: priority = 114, executed_time = 374648),
(41: priority = 114, executed_time = 374648),
(58: priority = 114, executed_time = 374648),
(22: priority = 111, executed_time = 324459),
(8: priority = 107, executed_time = 811827),
(31: priority = 107, executed_time = 811827),
(40: priority = 107, executed_time = 811827),
(57: priority = 107, executed_time = 811827),
(14: priority = 95, executed_time = 134492),
(46: priority = 95, executed_time = 134492),
(1: priority = 78, executed_time = 246083),
(8: priority = 78, executed_time = 246083),
(9: priority = 78, executed_time = 246083),
(11: priority = 78, executed_time = 246083),
(24: priority = 78, executed_time = 246083),
(31: priority = 78, executed_time = 246083),
(33: priority = 78, executed_time = 246083),
(50: priority = 78, executed_time = 246083),
(17: priority = 78, executed_time = 794154),
(49: priority = 78, executed_time = 794154),
(4: priority = 73, executed_time = 339725),
(27: priority = 73, executed_time = 339725),
(36: priority = 73, executed_time = 339725),
(53: priority = 73, executed_time = 339725),
(7: priority = 69, executed_time = 636682),
(30: priority = 69, executed_time = 636682),
(39: priority = 69, executed_time = 636682),
(56: priority = 69, executed_time = 636682),
(1: priority = 78, executed_time = 246083),
(31: priority = 120, executed_time = 335827),
(66: priority = 120, executed_time = 335827),
(30: priority = 117, executed_time = 73093),
(65: priority = 117, executed_time = 73093),
(27: priority = 114, executed_time = 374648),
(53: priority = 114, executed_time = 374648),
(64: priority = 114, executed_time = 374648),
(24: priority = 107, executed_time = 811827),
(50: priority = 107, executed_time = 811827),
(69: priority = 95, executed_time = 134492),
(1: priority = 78, executed_time = 246083),
(63: priority = 107, executed_time = 811827),
(39: priority = 78, executed_time = 246083),
(56: priority = 78, executed_time = 246083),
(9: priority = 73, executed_time = 339725),
(42: priority = 73, executed_time = 339725),
(72: priority = 78, executed_time = 794154),
(59: priority = 73, executed_time = 339725),
(17: priority = 69, executed_time = 636682),
(49: priority = 69, executed_time = 636682),
(18: priority = 64, executed_time = 657622),
(62: priority = 69, executed_time = 636682),
(12: priority = 61, executed_time = 572898),
(33: priority = 61, executed_time = 572898),
(44: priority = 61, executed_time = 572898),
(20: priority = 59, executed_time = 242891),
(67: priority = 61, executed_time = 572898),
(2: priority = 51, executed_time = 987718),
(4: priority = 51, executed_time = 987718),
(7: priority = 51, executed_time = 987718),
(10: priority = 51, executed_time = 987718),
(19: priority = 51, executed_time = 987718),
(22: priority = 51, executed_time = 987718),
(25: priority = 51, executed_time = 987718),
(32: priority = 51, executed_time = 987718),
(1: priority = 78, executed_time = 246083),
(4: priority = 78, executed_time = 246083),
(34: priority = 51, executed_time = 987718),
(40: priority = 51, executed_time = 987718),
(2: priority = 51, executed_time = 987718),
(7: priority = 51, executed_time = 987718),
(51: priority = 51, executed_time = 987718),
(57: priority = 51, executed_time = 987718),
(3: priority = 45, executed_time = 578199),
(8: priority = 45, executed_time = 578199),
(26: priority = 45, executed_time = 578199),
(18: priority = 120, executed_time = 335827),
(17: priority = 117, executed_time = 73093),
(30: priority = 119, executed_time = 698512),
(12: priority = 114, executed_time = 374648),
(22: priority = 95, executed_time = 134492),
(1: priority = 78, executed_time = 246083),
(32: priority = 78, executed_time = 246083),
(10: priority = 107, executed_time = 811827),
(4: priority = 73, executed_time = 339725),
(26: priority = 78, executed_time = 794154),
(9: priority = 69, executed_time = 636682),
(27: priority = 64, executed_time = 657622),
(19: priority = 61, executed_time = 572898),
(31: priority = 59, executed_time = 242891),
(1: priority = 78, executed_time = 246083),
(9: priority = 78, executed_time = 246083),
(12: priority = 78, executed_time = 246083),
(2: priority = 51, executed_time = 987718)]
Finished queue:
[(7: priority = 95, executed_time = 134492),
(5: priority = 114, executed_time = 374648),
(1: priority = 78, executed_time = 246083),
(3: priority = 73, executed_time = 339725),
(9: priority = 78, executed_time = 794154),
(4: priority = 69, executed_time = 636682),
(6: priority = 61, executed_time = 572898),
(8: priority = 39, executed_time = 207434),
(2: priority = 51, executed_time = 987718),
(11: priority = 120, executed_time = 335827),
(43: priority = 120, executed_time = 335827),
(10: priority = 117, executed_time = 73093),
(42: priority = 117, executed_time = 73093),
(59: priority = 117, executed_time = 73093),
(9: priority = 114, executed_time = 374648),
(19: priority = 119, executed_time = 698512),
(32: priority = 114, executed_time = 374648),
(41: priority = 114, executed_time = 374648),
(58: priority = 114, executed_time = 374648),
(22: priority = 111, executed_time = 324459),
(8: priority = 107, executed_time = 811827),
(31: priority = 107, executed_time = 811827),
(40: priority = 107, executed_time = 811827),
(57: priority = 107, executed_time = 811827),
(14: priority = 95, executed_time = 134492),
(46: priority = 95, executed_time = 134492),
(1: priority = 78, executed_time = 246083),
(8: priority = 78, executed_time = 246083),
(9: priority = 78, executed_time = 246083),
(11: priority = 78, executed_time = 246083),
(24: priority = 78, executed_time = 246083),
(31: priority = 78, executed_time = 246083),
(33: priority = 78, executed_time = 246083),
(50: priority = 78, executed_time = 246083),
(17: priority = 78, executed_time = 794154),
(49: priority = 78, executed_time = 794154),
(4: priority = 73, executed_time = 339725),
(27: priority = 73, executed_time = 339725),
(36: priority = 73, executed_time = 339725),
(53: priority = 73, executed_time = 339725),
(7: priority = 69, executed_time = 636682),
(30: priority = 69, executed_time = 636682),
(39: priority = 69, executed_time = 636682),
(56: priority = 69, executed_time = 636682),
(1: priority = 78, executed_time = 246083),
(31: priority = 120, executed_time = 335827),
(66: priority = 120, executed_time = 335827),
(30: priority = 117, executed_time = 73093),
(65: priority = 117, executed_time = 73093),
(27: priority = 114, executed_time = 374648),
(53: priority = 114, executed_time = 374648),
(64: priority = 114, executed_time = 374648),
(24: priority = 107, executed_time = 811827),
(50: priority = 107, executed_time = 811827),
(69: priority = 95, executed_time = 134492),
(1: priority = 78, executed_time = 246083),
(63: priority = 107, executed_time = 811827),
(39: priority = 78, executed_time = 246083),
(56: priority = 78, executed_time = 246083),
(9: priority = 73, executed_time = 339725),
(42: priority = 73, executed_time = 339725),
(72: priority = 78, executed_time = 794154),
(59: priority = 73, executed_time = 339725),
(17: priority = 69, executed_time = 636682),
(49: priority = 69, executed_time = 636682),
(18: priority = 64, executed_time = 657622),
(62: priority = 69, executed_time = 636682),
(12: priority = 61, executed_time = 572898),
(33: priority = 61, executed_time = 572898),
(44: priority = 61, executed_time = 572898),
(20: priority = 59, executed_time = 242891),
(67: priority = 61, executed_time = 572898),
(2: priority = 51, executed_time = 987718),
(4: priority = 51, executed_time = 987718),
(7: priority = 51, executed_time = 987718),
(10: priority = 51, executed_time = 987718),
(19: priority = 51, executed_time = 987718),
(22: priority = 51, executed_time = 987718),
(25: priority = 51, executed_time = 987718),
(32: priority = 51, executed_time = 987718),
(1: priority = 78, executed_time = 246083),
(4: priority = 78, executed_time = 246083),
(34: priority = 51, executed_time = 987718),
(40: priority = 51, executed_time = 987718),
(2: priority = 51, executed_time = 987718),
(7: priority = 51, executed_time = 987718),
(51: priority = 51, executed_time = 987718),
(57: priority = 51, executed_time = 987718),
(3: priority = 45, executed_time = 578199),
(8: priority = 45, executed_time = 578199),
(26: priority = 45, executed_time = 578199),
(18: priority = 120, executed_time = 335827),
(17: priority = 117, executed_time = 73093),
(30: priority = 119, executed_time = 698512),
(12: priority = 114, executed_time = 374648),
(22: priority = 95, executed_time = 134492),
(1: priority = 78, executed_time = 246083),
(32: priority = 78, executed_time = 246083),
(10: priority = 107, executed_time = 811827),
(4: priority = 73, executed_time = 339725),
(26: priority = 78, executed_time = 794154),
(9: priority = 69, executed_time = 636682),
(27: priority = 64, executed_time = 657622),
(19: priority = 61, executed_time = 572898),
(31: priority = 59, executed_time = 242891),
(1: priority = 78, executed_time = 246083),
(9: priority = 78, executed_time = 246083),
(12: priority = 78, executed_time = 246083),
(2: priority = 51, executed_time = 987718),
(33: priority = 51, executed_time = 987718),
(4: priority = 51, executed_time = 987718),
(35: priority = 45, executed_time = 578199),
(10: priority = 51, executed_time = 987718),
(41: priority = 45, executed_time = 578199),
(3: priority = 45, executed_time = 578199)]
Waiting queue:
[(58: priority = 45, remaining_time = 192774),
(6: priority = 44, remaining_time = 785118),
(8: priority = 44, remaining_time = 785118),
(14: priority = 44, remaining_time = 785118),
(29: priority = 44, remaining_time = 785118),
(38: priority = 44, remaining_time = 785118),
(46: priority = 44, remaining_time = 785118),
(55: priority = 44, remaining_time = 785118),
(61: priority = 44, remaining_time = 785118),
(15: priority = 39, remaining_time = 207434),
(24: priority = 39, remaining_time = 207434),
(47: priority = 39, remaining_time = 207434),
(70: priority = 39, remaining_time = 207434),
(13: priority = 19, remaining_time = 33629),
(20: priority = 19, remaining_time = 33629),
(36: priority = 19, remaining_time = 33629),
(45: priority = 19, remaining_time = 33629),
(68: priority = 19, remaining_time = 33629),
(21: priority = 13, remaining_time = 899764),
(23: priority = 11, remaining_time = 975254),
(5: priority = 8, remaining_time = 621577),
(7: priority = 8, remaining_time = 621577),
(11: priority = 8, remaining_time = 621577),
(28: priority = 8, remaining_time = 621577),
(37: priority = 8, remaining_time = 621577),
(43: priority = 8, remaining_time = 621577),
(54: priority = 8, remaining_time = 621577),
(60: priority = 8, remaining_time = 621577),
(16: priority = 4, remaining_time = 855914),
(25: priority = 4, remaining_time = 855914),
(48: priority = 4, remaining_time = 855914),
(71: priority = 4, remaining_time = 855914)]
Total time: 17770105
