Process created successfully: PID: 1, Memory starts at 0x0.
Process created successfully: PID: 2, Memory starts at 0xa10.
Process created successfully: PID: 3, Memory starts at 0x14b0.
Process 3 is waiting (remaining_time: 107133).
Waiting queue:
[(3: priority = 70, remaining_time = 107133),
(2: priority = 33, remaining_time = 852267)]
Finished queue:
[(3: priority = 70, executed_time = 107133)]
PID 3 not found.
PID 3 not found.
Process created successfully: PID: 3, Memory starts at 0x14b0.
Process created successfully: PID: 4, Memory starts at 0x1a5c.
Process 4 is waiting (remaining_time: 852267).
Process 1 is waiting (remaining_time: 479167).
Waiting queue:
[(3: priority = 118, remaining_time = 693433),
(2: priority = 33, remaining_time = 713154),
(4: priority = 33, remaining_time = 852267)]
Finished queue:
[(3: priority = 70, executed_time = 107133)]
Process created successfully: PID: 5, Memory starts at 0x1c68.
Process created successfully: PID: 6, Memory starts at 0x25d8.
Empty stack PID 6.
Empty stack PID 6.
Empty stack PID 3.
Empty stack PID 6.
Waiting queue:
[(3: priority = 118, remaining_time = 560716),
(5: priority = 118, remaining_time = 725413),
(2: priority = 33, remaining_time = 713154),
(4: priority = 33, remaining_time = 852267),
(6: priority = 33, remaining_time = 852267)]
Waiting queue:
[(3: priority = 118, remaining_time = 560716),
(5: priority = 118, remaining_time = 725413),
(2: priority = 33, remaining_time = 713154),
(4: priority = 33, remaining_time = 852267),
(6: priority = 33, remaining_time = 852267)]
Process 6 is waiting (remaining_time: 852267).
Stack of PID 6: 1758725740.
Waiting queue:
[(3: priority = 118, remaining_time = 559650),
(5: priority = 118, remaining_time = 725413),
(2: priority = 33, remaining_time = 713154),
(4: priority = 33, remaining_time = 852267),
(6: priority = 33, remaining_time = 852267)]
Finished queue:
[(3: priority = 70, executed_time = 107133)]
Empty stack PID 6.
Total time: 3955926
